org\sola\cs\services\ejb\refdata\entities\BaUnitType.class
org\sola\cs\services\ejb\refdata\entities\CadastreObjectType.class
org\sola\cs\services\ejb\refdata\entities\TransactionStatusType.class
org\sola\cs\services\ejb\refdata\entities\BaUnitRelType.class
org\sola\cs\services\ejb\refdata\entities\RejectionReason.class
org\sola\cs\services\ejb\refdata\entities\ConfigPanelLauncher.class
org\sola\cs\services\ejb\refdata\entities\AdministrativeBoundaryStatus.class
org\sola\cs\services\ejb\refdata\entities\FieldConstraintType.class
org\sola\cs\services\ejb\refdata\businesslogic\RefDataCSEJB.class
org\sola\cs\services\ejb\refdata\entities\CommunicationType.class
org\sola\cs\services\ejb\refdata\entities\ApplicationStatusType.class
org\sola\cs\services\ejb\refdata\entities\SourceType.class
org\sola\cs\services\ejb\refdata\entities\HierarchyLevel.class
org\sola\cs\services\ejb\refdata\entities\RrrType.class
org\sola\cs\services\ejb\refdata\entities\MapLayerType.class
org\sola\cs\services\ejb\refdata\entities\FieldValueType.class
org\sola\cs\services\ejb\refdata\entities\AdministrativeBoundaryType.class
org\sola\cs\services\ejb\refdata\entities\RequestTypeRequiresSourceType.class
org\sola\cs\services\ejb\refdata\entities\Language.class
org\sola\cs\services\ejb\refdata\entities\TypeAction.class
org\sola\cs\services\ejb\refdata\entities\RrrGroupType.class
org\sola\cs\services\ejb\refdata\entities\ClaimStatus.class
org\sola\cs\services\ejb\refdata\entities\GenderType.class
org\sola\cs\services\ejb\refdata\entities\ServiceStatusType.class
org\sola\cs\services\ejb\refdata\entities\BrValidationTargetType.class
org\sola\cs\services\ejb\refdata\businesslogic\RefDataCSEJBLocal.class
org\sola\cs\services\ejb\refdata\entities\PresentationFormType.class
org\sola\cs\services\ejb\refdata\entities\ConditionType.class
org\sola\cs\services\ejb\refdata\entities\MortgageType.class
org\sola\cs\services\ejb\refdata\entities\BrTechnicalType.class
org\sola\cs\services\ejb\refdata\entities\LandUseType.class
org\sola\cs\services\ejb\refdata\entities\FieldType.class
org\sola\cs\services\ejb\refdata\entities\PanelLauncherGroup.class
org\sola\cs\services\ejb\refdata\entities\ApplicationActionType.class
org\sola\cs\services\ejb\refdata\entities\RequestType.class
org\sola\cs\services\ejb\refdata\entities\AvailabilityStatus.class
org\sola\cs\services\ejb\refdata\entities\RegistrationStatusType.class
org\sola\cs\services\ejb\refdata\entities\ServiceActionType.class
org\sola\cs\services\ejb\refdata\entities\IdType.class
org\sola\cs\services\ejb\refdata\entities\BrSeverityType.class
org\sola\cs\services\ejb\refdata\entities\RequestCategoryType.class
org\sola\cs\services\ejb\refdata\entities\PartyType.class
org\sola\cs\services\ejb\refdata\entities\PartyRoleType.class
org\sola\cs\services\ejb\refdata\entities\Role.class
