Y:\Documents\Neil Data\SOLA\SOLAsource\ALUR-LEI\code\services\ejbs\refdata\src\main\java\org\sola\cs\services\ejb\refdata\entities\TypeAction.java
Y:\Documents\Neil Data\SOLA\SOLAsource\ALUR-LEI\code\services\ejbs\refdata\src\main\java\org\sola\cs\services\ejb\refdata\entities\RequestCategoryType.java
Y:\Documents\Neil Data\SOLA\SOLAsource\ALUR-LEI\code\services\ejbs\refdata\src\main\java\org\sola\cs\services\ejb\refdata\entities\MapLayerType.java
Y:\Documents\Neil Data\SOLA\SOLAsource\ALUR-LEI\code\services\ejbs\refdata\src\main\java\org\sola\cs\services\ejb\refdata\entities\RegistrationStatusType.java
Y:\Documents\Neil Data\SOLA\SOLAsource\ALUR-LEI\code\services\ejbs\refdata\src\main\java\org\sola\cs\services\ejb\refdata\entities\Language.java
Y:\Documents\Neil Data\SOLA\SOLAsource\ALUR-LEI\code\services\ejbs\refdata\src\main\java\org\sola\cs\services\ejb\refdata\entities\ConfigPanelLauncher.java
Y:\Documents\Neil Data\SOLA\SOLAsource\ALUR-LEI\code\services\ejbs\refdata\src\main\java\org\sola\cs\services\ejb\refdata\entities\HierarchyLevel.java
Y:\Documents\Neil Data\SOLA\SOLAsource\ALUR-LEI\code\services\ejbs\refdata\src\main\java\org\sola\cs\services\ejb\refdata\entities\ApplicationStatusType.java
Y:\Documents\Neil Data\SOLA\SOLAsource\ALUR-LEI\code\services\ejbs\refdata\src\main\java\org\sola\cs\services\ejb\refdata\entities\RrrGroupType.java
Y:\Documents\Neil Data\SOLA\SOLAsource\ALUR-LEI\code\services\ejbs\refdata\src\main\java\org\sola\cs\services\ejb\refdata\entities\FieldValueType.java
Y:\Documents\Neil Data\SOLA\SOLAsource\ALUR-LEI\code\services\ejbs\refdata\src\main\java\org\sola\cs\services\ejb\refdata\entities\GenderType.java
Y:\Documents\Neil Data\SOLA\SOLAsource\ALUR-LEI\code\services\ejbs\refdata\src\main\java\org\sola\cs\services\ejb\refdata\entities\BrSeverityType.java
Y:\Documents\Neil Data\SOLA\SOLAsource\ALUR-LEI\code\services\ejbs\refdata\src\main\java\org\sola\cs\services\ejb\refdata\entities\PartyType.java
Y:\Documents\Neil Data\SOLA\SOLAsource\ALUR-LEI\code\services\ejbs\refdata\src\main\java\org\sola\cs\services\ejb\refdata\entities\BaUnitType.java
Y:\Documents\Neil Data\SOLA\SOLAsource\ALUR-LEI\code\services\ejbs\refdata\src\main\java\org\sola\cs\services\ejb\refdata\entities\RejectionReason.java
Y:\Documents\Neil Data\SOLA\SOLAsource\ALUR-LEI\code\services\ejbs\refdata\src\main\java\org\sola\cs\services\ejb\refdata\entities\RequestTypeRequiresSourceType.java
Y:\Documents\Neil Data\SOLA\SOLAsource\ALUR-LEI\code\services\ejbs\refdata\src\main\java\org\sola\cs\services\ejb\refdata\entities\PresentationFormType.java
Y:\Documents\Neil Data\SOLA\SOLAsource\ALUR-LEI\code\services\ejbs\refdata\src\main\java\org\sola\cs\services\ejb\refdata\entities\ServiceStatusType.java
Y:\Documents\Neil Data\SOLA\SOLAsource\ALUR-LEI\code\services\ejbs\refdata\src\main\java\org\sola\cs\services\ejb\refdata\entities\IdType.java
Y:\Documents\Neil Data\SOLA\SOLAsource\ALUR-LEI\code\services\ejbs\refdata\src\main\java\org\sola\cs\services\ejb\refdata\entities\RequestType.java
Y:\Documents\Neil Data\SOLA\SOLAsource\ALUR-LEI\code\services\ejbs\refdata\src\main\java\org\sola\cs\services\ejb\refdata\entities\AvailabilityStatus.java
Y:\Documents\Neil Data\SOLA\SOLAsource\ALUR-LEI\code\services\ejbs\refdata\src\main\java\org\sola\cs\services\ejb\refdata\entities\MortgageType.java
Y:\Documents\Neil Data\SOLA\SOLAsource\ALUR-LEI\code\services\ejbs\refdata\src\main\java\org\sola\cs\services\ejb\refdata\entities\Role.java
Y:\Documents\Neil Data\SOLA\SOLAsource\ALUR-LEI\code\services\ejbs\refdata\src\main\java\org\sola\cs\services\ejb\refdata\entities\FieldType.java
Y:\Documents\Neil Data\SOLA\SOLAsource\ALUR-LEI\code\services\ejbs\refdata\src\main\java\org\sola\cs\services\ejb\refdata\entities\ConditionType.java
Y:\Documents\Neil Data\SOLA\SOLAsource\ALUR-LEI\code\services\ejbs\refdata\src\main\java\org\sola\cs\services\ejb\refdata\entities\PanelLauncherGroup.java
Y:\Documents\Neil Data\SOLA\SOLAsource\ALUR-LEI\code\services\ejbs\refdata\src\main\java\org\sola\cs\services\ejb\refdata\entities\RrrType.java
Y:\Documents\Neil Data\SOLA\SOLAsource\ALUR-LEI\code\services\ejbs\refdata\src\main\java\org\sola\cs\services\ejb\refdata\entities\PartyRoleType.java
Y:\Documents\Neil Data\SOLA\SOLAsource\ALUR-LEI\code\services\ejbs\refdata\src\main\java\org\sola\cs\services\ejb\refdata\businesslogic\RefDataCSEJBLocal.java
Y:\Documents\Neil Data\SOLA\SOLAsource\ALUR-LEI\code\services\ejbs\refdata\src\main\java\org\sola\cs\services\ejb\refdata\entities\BrValidationTargetType.java
Y:\Documents\Neil Data\SOLA\SOLAsource\ALUR-LEI\code\services\ejbs\refdata\src\main\java\org\sola\cs\services\ejb\refdata\entities\CommunicationType.java
Y:\Documents\Neil Data\SOLA\SOLAsource\ALUR-LEI\code\services\ejbs\refdata\src\main\java\org\sola\cs\services\ejb\refdata\entities\SourceType.java
Y:\Documents\Neil Data\SOLA\SOLAsource\ALUR-LEI\code\services\ejbs\refdata\src\main\java\org\sola\cs\services\ejb\refdata\businesslogic\RefDataCSEJB.java
Y:\Documents\Neil Data\SOLA\SOLAsource\ALUR-LEI\code\services\ejbs\refdata\src\main\java\org\sola\cs\services\ejb\refdata\entities\CadastreObjectType.java
Y:\Documents\Neil Data\SOLA\SOLAsource\ALUR-LEI\code\services\ejbs\refdata\src\main\java\org\sola\cs\services\ejb\refdata\entities\ServiceActionType.java
Y:\Documents\Neil Data\SOLA\SOLAsource\ALUR-LEI\code\services\ejbs\refdata\src\main\java\org\sola\cs\services\ejb\refdata\entities\ApplicationActionType.java
Y:\Documents\Neil Data\SOLA\SOLAsource\ALUR-LEI\code\services\ejbs\refdata\src\main\java\org\sola\cs\services\ejb\refdata\entities\TransactionStatusType.java
Y:\Documents\Neil Data\SOLA\SOLAsource\ALUR-LEI\code\services\ejbs\refdata\src\main\java\org\sola\cs\services\ejb\refdata\entities\BrTechnicalType.java
Y:\Documents\Neil Data\SOLA\SOLAsource\ALUR-LEI\code\services\ejbs\refdata\src\main\java\org\sola\cs\services\ejb\refdata\entities\LandUseType.java
Y:\Documents\Neil Data\SOLA\SOLAsource\ALUR-LEI\code\services\ejbs\refdata\src\main\java\org\sola\cs\services\ejb\refdata\entities\BaUnitRelType.java
Y:\Documents\Neil Data\SOLA\SOLAsource\ALUR-LEI\code\services\ejbs\refdata\src\main\java\org\sola\cs\services\ejb\refdata\entities\AdministrativeBoundaryType.java
Y:\Documents\Neil Data\SOLA\SOLAsource\ALUR-LEI\code\services\ejbs\refdata\src\main\java\org\sola\cs\services\ejb\refdata\entities\AdministrativeBoundaryStatus.java
Y:\Documents\Neil Data\SOLA\SOLAsource\ALUR-LEI\code\services\ejbs\refdata\src\main\java\org\sola\cs\services\ejb\refdata\entities\ClaimStatus.java
Y:\Documents\Neil Data\SOLA\SOLAsource\ALUR-LEI\code\services\ejbs\refdata\src\main\java\org\sola\cs\services\ejb\refdata\entities\FieldConstraintType.java
